Flow report for cnn_full_small
Fri Sep 11 02:24:08 2026
Quartus Prime Version 25.1std.0 Build 1129 10/21/2025 SC Lite Edition


---------------------
; Table of Contents ;
---------------------
  1. Legal Notice
  2. Flow Summary
  3. Flow Settings
  4. Flow Non-Default Global Settings
  5. Flow Elapsed Time
  6. Flow OS Summary
  7. Flow Log
  8. Flow Messages
  9. Flow Suppressed Messages



----------------
; Legal Notice ;
----------------
Copyright (C) 2025  Altera Corporation. All rights reserved.
Your use of Altera Corporation's design tools, logic functions 
and other software and tools, and any partner logic 
functions, and any output files from any of the foregoing 
(including device programming or simulation files), and any 
associated documentation or information are expressly subject 
to the terms and conditions of the Altera Program License 
Subscription Agreement, the Altera Quartus Prime License Agreement,
the Altera IP License Agreement, or other applicable license
agreement, including, without limitation, that your use is for
the sole purpose of programming logic devices manufactured by
Altera and sold by Altera or its authorized distributors.  Please
refer to the Altera Software License Subscription Agreements 
on the Quartus Prime software download page.



+-----------------------------------------------------------------------------------+
; Flow Summary                                                                      ;
+---------------------------------+-------------------------------------------------+
; Flow Status                     ; Successful - Fri Sep 11 02:23:59 2026           ;
; Quartus Prime Version           ; 25.1std.0 Build 1129 10/21/2025 SC Lite Edition ;
; Revision Name                   ; cnn_full_small                                  ;
; Top-level Entity Name           ; cnn_fpga_top                                    ;
; Family                          ; Cyclone V                                       ;
; Device                          ; 5CSXFC6D6F31I7                                  ;
; Timing Models                   ; Final                                           ;
; Logic utilization (in ALMs)     ; 1,145 / 41,910 ( 3 % )                          ;
; Total registers                 ; 889                                             ;
; Total pins                      ; 6 / 499 ( 1 % )                                 ;
; Total virtual pins              ; 0                                               ;
; Total block memory bits         ; 455,104 / 5,662,720 ( 8 % )                     ;
; Total DSP Blocks                ; 13 / 112 ( 12 % )                               ;
; Total HSSI RX PCSs              ; 0 / 9 ( 0 % )                                   ;
; Total HSSI PMA RX Deserializers ; 0 / 9 ( 0 % )                                   ;
; Total HSSI TX PCSs              ; 0 / 9 ( 0 % )                                   ;
; Total HSSI PMA TX Serializers   ; 0 / 9 ( 0 % )                                   ;
; Total PLLs                      ; 0 / 15 ( 0 % )                                  ;
; Total DLLs                      ; 0 / 4 ( 0 % )                                   ;
+---------------------------------+-------------------------------------------------+


+-----------------------------------------+
; Flow Settings                           ;
+-------------------+---------------------+
; Option            ; Setting             ;
+-------------------+---------------------+
; Start date & time ; 09/11/2026 02:22:19 ;
; Main task         ; Compilation         ;
; Revision Name     ; cnn_full_small      ;
+-------------------+---------------------+


+------------------------------------------------------------------------------------------------------+
; Flow Non-Default Global Settings                                                                     ;
+-------------------------+--------------------------------+----------------+-------------+------------+
; Assignment Name         ; Value                          ; Default Value  ; Entity Name ; Section Id ;
+-------------------------+--------------------------------+----------------+-------------+------------+
; COMPILER_SIGNATURE_ID   ; 66017737929317.178907353948931 ; --             ; --          ; --         ;
; NUM_PARALLEL_PROCESSORS ; 8                              ; --             ; --          ; --         ;
; TOP_LEVEL_ENTITY        ; cnn_fpga_top                   ; cnn_full_small ; --          ; --         ;
+-------------------------+--------------------------------+----------------+-------------+------------+


+--------------------------------------------------------------------------------------------------------------------------+
; Flow Elapsed Time                                                                                                        ;
+----------------------+--------------+-------------------------+---------------------+------------------------------------+
; Module Name          ; Elapsed Time ; Average Processors Used ; Peak Virtual Memory ; Total CPU Time (on all processors) ;
+----------------------+--------------+-------------------------+---------------------+------------------------------------+
; Analysis & Synthesis ; 00:00:10     ; 1.0                     ; 566 MB              ; 00:00:21                           ;
; Fitter               ; 00:01:21     ; 1.2                     ; 2214 MB             ; 00:03:21                           ;
; Assembler            ; 00:00:05     ; 1.0                     ; 540 MB              ; 00:00:05                           ;
; Timing Analyzer      ; 00:00:08     ; 2.8                     ; 1026 MB             ; 00:00:15                           ;
; Total                ; 00:01:44     ; --                      ; --                  ; 00:04:02                           ;
+----------------------+--------------+-------------------------+---------------------+------------------------------------+


+---------------------------------------------------------------------------------+
; Flow OS Summary                                                                 ;
+----------------------+------------------+---------+------------+----------------+
; Module Name          ; Machine Hostname ; OS Name ; OS Version ; Processor type ;
+----------------------+------------------+---------+------------+----------------+
; Analysis & Synthesis ; raone-LOQ-15ARP9 ; Ubuntu  ; 26         ; x86_64         ;
; Fitter               ; raone-LOQ-15ARP9 ; Ubuntu  ; 26         ; x86_64         ;
; Assembler            ; raone-LOQ-15ARP9 ; Ubuntu  ; 26         ; x86_64         ;
; Timing Analyzer      ; raone-LOQ-15ARP9 ; Ubuntu  ; 26         ; x86_64         ;
+----------------------+------------------+---------+------------+----------------+


------------
; Flow Log ;
------------
quartus_map --read_settings_files=on --write_settings_files=off cnn_full_small -c cnn_full_small
quartus_fit --read_settings_files=off --write_settings_files=off cnn_full_small -c cnn_full_small
quartus_asm --read_settings_files=off --write_settings_files=off cnn_full_small -c cnn_full_small
quartus_sta cnn_full_small -c cnn_full_small



